<html>
<body>
<pre>
<h1>礦ision Build Log</h1>
<h2>Project:</h2>
D:\aeDesign\06.Codes\Basic\STM32F10x V3.5.0工程模版\RVMDK\Project.uvproj
Project File Date:  07/09/2017

<h2>Output:</h2>
Rebuild target 'Project'
compiling main.c...
compiling stm32f10x_it.c...
compiling misc.c...
compiling stm32f10x_rcc.c...
assembling startup_stm32f10x_md.s...
compiling system_stm32f10x.c...
compiling core_cm3.c...
linking...
Program Size: Code=844 RO-data=268 RW-data=20 ZI-data=1636  
".\Output\Project.axf" - 0 Error(s), 0 Warning(s).
Load "D:\\aeDesign\\06.Codes\\Basic\\STM32F10x V3.5.0工程模版\\RVMDK\\Output\\Project.axf" 
Erase Done.
Programming Done.
Verify OK.
Application running ...
</pre>
</body>
</html>
